// Jest Snapshot v1, https://goo.gl/fbAQLP

exports[`applyTheme renders correctly 1`] = `
<div
  aria-labelledby="id-test"
  class="css-view-1dbjc4n"
  role="checkbox"
  style="align-items: center; background-color: rgb(239, 68, 68); box-shadow: 0px 1px 4px rgba(0,0,0,0.15); cursor: pointer; display: flex; flex-direction: row; padding: 16px 16px 16px 16px;"
  tabindex="0"
>
  <div
    class="css-view-1dbjc4n"
    style="align-items: center; border-bottom-left-radius: 6px; border-bottom-right-radius: 6px; border-bottom-width: 1px; border-left-width: 1px; border-right-width: 1px; border-top-style: solid; border-right-style: solid; border-bottom-style: solid; border-left-style: solid; border-top-left-radius: 6px; border-top-right-radius: 6px; border-top-width: 1px; display: flex; height: 24px; justify-content: center; margin-right: 8px; width: 24px;"
  />
  <div
    class="css-text-901oao"
    dir="auto"
    id="id-test"
    style="color: rgb(22, 30, 46); font-size: 16px; font-weight: 400;"
  >
    Remember me
  </div>
</div>
`;

exports[`defaultProps should render correctly for color 1`] = `
<div
  aria-labelledby="id-test"
  class="css-view-1dbjc4n"
  role="checkbox"
  style="align-items: center; color: rgb(87, 79, 235); cursor: pointer; display: flex; flex-direction: row;"
  tabindex="0"
>
  <div
    class="css-view-1dbjc4n"
    style="align-items: center; background-color: rgb(252, 252, 253); border-bottom-color: rgba(217,217,225,1.00); border-bottom-left-radius: 6px; border-bottom-right-radius: 6px; border-bottom-width: 1px; border-left-color: rgba(217,217,225,1.00); border-left-width: 1px; border-right-color: rgba(217,217,225,1.00); border-right-width: 1px; border-top-style: solid; border-right-style: solid; border-bottom-style: solid; border-left-style: solid; border-top-color: rgba(217,217,225,1.00); border-top-left-radius: 6px; border-top-right-radius: 6px; border-top-width: 1px; display: flex; height: 24px; justify-content: center; margin-right: 8px; width: 24px;"
  />
  <div
    class="css-text-901oao"
    dir="auto"
    id="id-test"
    style="color: rgb(22, 30, 46); font-size: 16px; font-weight: 400;"
  />
</div>
`;

exports[`modes renders correctly for applyTheme 1`] = `
<div
  aria-labelledby="id-test"
  class="css-view-1dbjc4n"
  role="checkbox"
  style="align-items: center; background-color: rgb(239, 68, 68); box-shadow: 0px 1px 4px rgba(0,0,0,0.15); color: rgb(238, 237, 253); cursor: pointer; display: flex; flex-direction: row; padding: 16px 16px 16px 16px;"
  tabindex="0"
>
  <div
    class="css-view-1dbjc4n"
    style="align-items: center; background-color: rgb(252, 252, 253); border-bottom-color: rgba(217,217,225,1.00); border-bottom-left-radius: 6px; border-bottom-right-radius: 6px; border-bottom-width: 1px; border-left-color: rgba(217,217,225,1.00); border-left-width: 1px; border-right-color: rgba(217,217,225,1.00); border-right-width: 1px; border-top-style: solid; border-right-style: solid; border-bottom-style: solid; border-left-style: solid; border-top-color: rgba(217,217,225,1.00); border-top-left-radius: 6px; border-top-right-radius: 6px; border-top-width: 1px; display: flex; height: 24px; justify-content: center; margin-right: 8px; width: 24px;"
  />
  <div
    class="css-text-901oao"
    dir="auto"
    id="id-test"
    style="color: rgb(22, 30, 46); font-size: 16px; font-weight: 400;"
  />
</div>
`;

exports[`modes renders correctly for overrides 1`] = `
<div
  aria-labelledby="id-test"
  class="css-view-1dbjc4n"
  role="checkbox"
  style="align-items: center; background-color: rgb(239, 68, 68); box-shadow: 0px 1px 4px rgba(0,0,0,0.15); cursor: pointer; display: flex; flex-direction: row; padding: 16px 16px 16px 16px;"
  tabindex="0"
>
  <div
    class="css-view-1dbjc4n"
    style="align-items: center; background-color: rgb(252, 252, 253); border-bottom-color: rgba(217,217,225,1.00); border-bottom-left-radius: 6px; border-bottom-right-radius: 6px; border-bottom-width: 1px; border-left-color: rgba(217,217,225,1.00); border-left-width: 1px; border-right-color: rgba(217,217,225,1.00); border-right-width: 1px; border-top-style: solid; border-right-style: solid; border-bottom-style: solid; border-left-style: solid; border-top-color: rgba(217,217,225,1.00); border-top-left-radius: 6px; border-top-right-radius: 6px; border-top-width: 1px; display: flex; height: 24px; justify-content: center; margin-right: 8px; width: 24px;"
  />
  <div
    class="css-text-901oao"
    dir="auto"
    id="id-test"
    style="color: rgb(22, 30, 46); font-size: 16px; font-weight: 400;"
  />
</div>
`;

exports[`modes should render correctly when colorMode is set globally 1`] = `
<div
  aria-labelledby="id-test"
  class="css-view-1dbjc4n"
  role="checkbox"
  style="align-items: center; background-color: rgb(239, 68, 68); color: rgb(238, 237, 253); cursor: pointer; display: flex; flex-direction: row;"
  tabindex="0"
>
  <div
    class="css-view-1dbjc4n"
    style="align-items: center; background-color: rgb(252, 252, 253); border-bottom-color: rgba(217,217,225,1.00); border-bottom-left-radius: 6px; border-bottom-right-radius: 6px; border-bottom-width: 1px; border-left-color: rgba(217,217,225,1.00); border-left-width: 1px; border-right-color: rgba(217,217,225,1.00); border-right-width: 1px; border-top-style: solid; border-right-style: solid; border-bottom-style: solid; border-left-style: solid; border-top-color: rgba(217,217,225,1.00); border-top-left-radius: 6px; border-top-right-radius: 6px; border-top-width: 1px; display: flex; height: 24px; justify-content: center; margin-right: 8px; width: 24px;"
  />
  <div
    class="css-text-901oao"
    dir="auto"
    id="id-test"
    style="color: rgb(22, 30, 46); font-size: 16px; font-weight: 400;"
  />
</div>
`;

exports[`modes should render correctly when colorMode set as prop 1`] = `
<div
  aria-labelledby="id-test"
  class="css-view-1dbjc4n"
  role="checkbox"
  style="align-items: center; background-color: rgb(239, 68, 68); color: rgb(238, 237, 253); cursor: pointer; display: flex; flex-direction: row;"
  tabindex="0"
>
  <div
    class="css-view-1dbjc4n"
    style="align-items: center; background-color: rgb(252, 252, 253); border-bottom-color: rgba(217,217,225,1.00); border-bottom-left-radius: 6px; border-bottom-right-radius: 6px; border-bottom-width: 1px; border-left-color: rgba(217,217,225,1.00); border-left-width: 1px; border-right-color: rgba(217,217,225,1.00); border-right-width: 1px; border-top-style: solid; border-right-style: solid; border-bottom-style: solid; border-left-style: solid; border-top-color: rgba(217,217,225,1.00); border-top-left-radius: 6px; border-top-right-radius: 6px; border-top-width: 1px; display: flex; height: 24px; justify-content: center; margin-right: 8px; width: 24px;"
  />
  <div
    class="css-text-901oao"
    dir="auto"
    id="id-test"
    style="color: rgb(22, 30, 46); font-size: 16px; font-weight: 400;"
  />
</div>
`;

exports[`overrides should render correctly 1`] = `
<div
  aria-labelledby="id-test"
  class="css-view-1dbjc4n"
  role="checkbox"
  style="align-items: center; background-color: rgb(239, 68, 68); box-shadow: 0px 1px 4px rgba(0,0,0,0.15); cursor: pointer; display: flex; flex-direction: row; padding: 16px 16px 16px 16px;"
  tabindex="0"
>
  <div
    class="css-view-1dbjc4n"
    style="align-items: center; background-color: rgb(252, 252, 253); border-bottom-color: rgba(217,217,225,1.00); border-bottom-left-radius: 6px; border-bottom-right-radius: 6px; border-bottom-width: 1px; border-left-color: rgba(217,217,225,1.00); border-left-width: 1px; border-right-color: rgba(217,217,225,1.00); border-right-width: 1px; border-top-style: solid; border-right-style: solid; border-bottom-style: solid; border-left-style: solid; border-top-color: rgba(217,217,225,1.00); border-top-left-radius: 6px; border-top-right-radius: 6px; border-top-width: 1px; display: flex; height: 24px; justify-content: center; margin-right: 8px; width: 24px;"
  />
  <div
    class="css-text-901oao"
    dir="auto"
    id="id-test"
    style="color: rgb(22, 30, 46); font-size: 16px; font-weight: 400;"
  >
    Remember me
  </div>
</div>
`;

exports[`props should render correctly 1`] = `
<div
  aria-labelledby="id-test"
  class="css-view-1dbjc4n"
  role="checkbox"
  style="align-items: center; cursor: pointer; display: flex; flex-direction: row;"
  tabindex="0"
>
  <div
    class="css-view-1dbjc4n"
    style="align-items: center; background-color: rgb(252, 252, 253); border-bottom-color: rgba(217,217,225,1.00); border-bottom-left-radius: 6px; border-bottom-right-radius: 6px; border-bottom-width: 1px; border-left-color: rgba(217,217,225,1.00); border-left-width: 1px; border-right-color: rgba(217,217,225,1.00); border-right-width: 1px; border-top-style: solid; border-right-style: solid; border-bottom-style: solid; border-left-style: solid; border-top-color: rgba(217,217,225,1.00); border-top-left-radius: 6px; border-top-right-radius: 6px; border-top-width: 1px; display: flex; height: 24px; justify-content: center; margin-right: 8px; width: 24px;"
  />
  <div
    class="css-text-901oao"
    dir="auto"
    id="id-test"
    style="color: rgb(22, 30, 46); font-size: 16px; font-weight: 400;"
  >
    Remember me
  </div>
</div>
`;

exports[`theming Checkbox.CheckIcon.styles.base should render correctly 1`] = `
<div
  aria-labelledby="id-test"
  class="css-view-1dbjc4n"
  role="checkbox"
  style="align-items: center; cursor: pointer; display: flex; flex-direction: row;"
  tabindex="0"
>
  <div
    class="css-view-1dbjc4n"
    style="align-items: center; background-color: rgb(252, 252, 253); border-bottom-color: rgba(217,217,225,1.00); border-bottom-left-radius: 6px; border-bottom-right-radius: 6px; border-bottom-width: 1px; border-left-color: rgba(217,217,225,1.00); border-left-width: 1px; border-right-color: rgba(217,217,225,1.00); border-right-width: 1px; border-top-style: solid; border-right-style: solid; border-bottom-style: solid; border-left-style: solid; border-top-color: rgba(217,217,225,1.00); border-top-left-radius: 6px; border-top-right-radius: 6px; border-top-width: 1px; display: flex; height: 24px; justify-content: center; margin-right: 8px; width: 24px;"
  />
  <div
    class="css-text-901oao"
    dir="auto"
    id="id-test"
    style="color: rgb(22, 30, 46); font-size: 16px; font-weight: 400;"
  >
    Remember me
  </div>
</div>
`;

exports[`theming Checkbox.Icon.styles.base should render correctly 1`] = `
<div
  aria-labelledby="id-test"
  class="css-view-1dbjc4n"
  role="checkbox"
  style="align-items: center; cursor: pointer; display: flex; flex-direction: row;"
  tabindex="0"
>
  <div
    class="css-view-1dbjc4n"
    style="align-items: center; background-color: rgb(239, 68, 68); border-bottom-color: rgba(217,217,225,1.00); border-bottom-left-radius: 6px; border-bottom-right-radius: 6px; border-bottom-width: 1px; border-left-color: rgba(217,217,225,1.00); border-left-width: 1px; border-right-color: rgba(217,217,225,1.00); border-right-width: 1px; border-top-style: solid; border-right-style: solid; border-bottom-style: solid; border-left-style: solid; border-top-color: rgba(217,217,225,1.00); border-top-left-radius: 6px; border-top-right-radius: 6px; border-top-width: 1px; display: flex; height: 24px; justify-content: center; margin-right: 8px; width: 24px;"
  />
  <div
    class="css-text-901oao"
    dir="auto"
    id="id-test"
    style="color: rgb(22, 30, 46); font-size: 16px; font-weight: 400;"
  >
    Remember me
  </div>
</div>
`;

exports[`theming Checkbox.Label.styles.base should render correctly 1`] = `
<div
  aria-labelledby="id-test"
  class="css-view-1dbjc4n"
  role="checkbox"
  style="align-items: center; cursor: pointer; display: flex; flex-direction: row;"
  tabindex="0"
>
  <div
    class="css-view-1dbjc4n"
    style="align-items: center; background-color: rgb(252, 252, 253); border-bottom-color: rgba(217,217,225,1.00); border-bottom-left-radius: 6px; border-bottom-right-radius: 6px; border-bottom-width: 1px; border-left-color: rgba(217,217,225,1.00); border-left-width: 1px; border-right-color: rgba(217,217,225,1.00); border-right-width: 1px; border-top-style: solid; border-right-style: solid; border-bottom-style: solid; border-left-style: solid; border-top-color: rgba(217,217,225,1.00); border-top-left-radius: 6px; border-top-right-radius: 6px; border-top-width: 1px; display: flex; height: 24px; justify-content: center; margin-right: 8px; width: 24px;"
  />
  <div
    class="css-text-901oao"
    dir="auto"
    id="id-test"
    style="background-color: rgb(239, 68, 68); color: rgb(22, 30, 46); font-size: 16px; font-weight: 400;"
  >
    Remember me
  </div>
</div>
`;

exports[`theming Checkbox.styles.base should render correctly 1`] = `
<div
  aria-labelledby="id-test"
  class="css-view-1dbjc4n"
  role="checkbox"
  style="align-items: center; background-color: rgb(239, 68, 68); cursor: pointer; display: flex; flex-direction: row;"
  tabindex="0"
>
  <div
    class="css-view-1dbjc4n"
    style="align-items: center; background-color: rgb(252, 252, 253); border-bottom-color: rgba(217,217,225,1.00); border-bottom-left-radius: 6px; border-bottom-right-radius: 6px; border-bottom-width: 1px; border-left-color: rgba(217,217,225,1.00); border-left-width: 1px; border-right-color: rgba(217,217,225,1.00); border-right-width: 1px; border-top-style: solid; border-right-style: solid; border-bottom-style: solid; border-left-style: solid; border-top-color: rgba(217,217,225,1.00); border-top-left-radius: 6px; border-top-right-radius: 6px; border-top-width: 1px; display: flex; height: 24px; justify-content: center; margin-right: 8px; width: 24px;"
  />
  <div
    class="css-text-901oao"
    dir="auto"
    id="id-test"
    style="color: rgb(22, 30, 46); font-size: 16px; font-weight: 400;"
  >
    Remember me
  </div>
</div>
`;

exports[`variants renders correctly for applyTheme 1`] = `
<div
  aria-labelledby="id-test"
  class="css-view-1dbjc4n"
  role="checkbox"
  style="align-items: center; box-shadow: 0px 1px 4px rgba(0,0,0,0.15); color: rgb(239, 68, 68); cursor: pointer; display: flex; flex-direction: row; padding: 16px 16px 16px 16px;"
  tabindex="0"
>
  <div
    class="css-view-1dbjc4n"
    style="align-items: center; border-bottom-left-radius: 6px; border-bottom-right-radius: 6px; border-bottom-width: 1px; border-left-width: 1px; border-right-width: 1px; border-top-style: solid; border-right-style: solid; border-bottom-style: solid; border-left-style: solid; border-top-left-radius: 6px; border-top-right-radius: 6px; border-top-width: 1px; display: flex; height: 24px; justify-content: center; margin-right: 8px; width: 24px;"
  />
  <div
    class="css-text-901oao"
    dir="auto"
    id="id-test"
    style="color: rgb(22, 30, 46); font-size: 16px; font-weight: 400;"
  />
</div>
`;

exports[`variants renders correctly for overrides 1`] = `
<div
  aria-labelledby="id-test"
  class="css-view-1dbjc4n"
  role="checkbox"
  style="align-items: center; background-color: rgb(239, 68, 68); box-shadow: 0px 1px 4px rgba(0,0,0,0.15); cursor: pointer; display: flex; flex-direction: row; padding: 16px 16px 16px 16px;"
  tabindex="0"
>
  <div
    class="css-view-1dbjc4n"
    style="align-items: center; border-bottom-left-radius: 6px; border-bottom-right-radius: 6px; border-bottom-width: 1px; border-left-width: 1px; border-right-width: 1px; border-top-style: solid; border-right-style: solid; border-bottom-style: solid; border-left-style: solid; border-top-left-radius: 6px; border-top-right-radius: 6px; border-top-width: 1px; display: flex; height: 24px; justify-content: center; margin-right: 8px; width: 24px;"
  />
  <div
    class="css-text-901oao"
    dir="auto"
    id="id-test"
    style="color: rgb(22, 30, 46); font-size: 16px; font-weight: 400;"
  />
</div>
`;

exports[`variants should render correctly for default variant 1`] = `
<div
  aria-labelledby="id-test"
  class="css-view-1dbjc4n"
  role="checkbox"
  style="align-items: center; cursor: pointer; display: flex; flex-direction: row;"
  tabindex="0"
>
  <div
    class="css-view-1dbjc4n"
    style="align-items: center; background-color: rgb(252, 252, 253); border-bottom-color: rgba(217,217,225,1.00); border-bottom-left-radius: 6px; border-bottom-right-radius: 6px; border-bottom-width: 1px; border-left-color: rgba(217,217,225,1.00); border-left-width: 1px; border-right-color: rgba(217,217,225,1.00); border-right-width: 1px; border-top-style: solid; border-right-style: solid; border-bottom-style: solid; border-left-style: solid; border-top-color: rgba(217,217,225,1.00); border-top-left-radius: 6px; border-top-right-radius: 6px; border-top-width: 1px; display: flex; height: 24px; justify-content: center; margin-right: 8px; width: 24px;"
  />
  <div
    class="css-text-901oao"
    dir="auto"
    id="id-test"
    style="color: rgb(22, 30, 46); font-size: 16px; font-weight: 400;"
  >
    Remember me
  </div>
</div>
`;

exports[`variants should render correctly for ghost variant 1`] = `
<div
  aria-labelledby="id-test"
  class="css-view-1dbjc4n"
  role="checkbox"
  style="align-items: center; cursor: pointer; display: flex; flex-direction: row;"
  tabindex="0"
>
  <div
    class="css-view-1dbjc4n"
    style="align-items: center; border-bottom-left-radius: 6px; border-bottom-right-radius: 6px; border-bottom-width: 0px; border-left-width: 0px; border-right-width: 0px; border-top-style: solid; border-right-style: solid; border-bottom-style: solid; border-left-style: solid; border-top-left-radius: 6px; border-top-right-radius: 6px; border-top-width: 0px; display: flex; height: 24px; justify-content: center; margin-right: 8px; width: 24px;"
  />
  <div
    class="css-text-901oao"
    dir="auto"
    id="id-test"
    style="color: rgb(22, 30, 46); font-size: 16px; font-weight: 400;"
  >
    Remember me
  </div>
</div>
`;

exports[`variants styles.base should render correctly 1`] = `
<div
  aria-labelledby="id-test"
  class="css-view-1dbjc4n"
  role="checkbox"
  style="align-items: center; background-color: rgb(239, 68, 68); cursor: pointer; display: flex; flex-direction: row;"
  tabindex="0"
>
  <div
    class="css-view-1dbjc4n"
    style="align-items: center; border-bottom-left-radius: 6px; border-bottom-right-radius: 6px; border-bottom-width: 1px; border-left-width: 1px; border-right-width: 1px; border-top-style: solid; border-right-style: solid; border-bottom-style: solid; border-left-style: solid; border-top-left-radius: 6px; border-top-right-radius: 6px; border-top-width: 1px; display: flex; height: 24px; justify-content: center; margin-right: 8px; width: 24px;"
  />
  <div
    class="css-text-901oao"
    dir="auto"
    id="id-test"
    style="color: rgb(22, 30, 46); font-size: 16px; font-weight: 400;"
  />
</div>
`;
