// Jest Snapshot v1, https://goo.gl/fbAQLP

exports[`applyTheme renders correctly 1`] = `
<div
  class="css-view-1dbjc4n"
  style="box-shadow: 0px 1px 4px rgba(0,0,0,0.15); padding: 16px 16px 16px 16px; position: relative;"
>
  <input
    autocapitalize="sentences"
    autocomplete="on"
    autocorrect="on"
    class="css-textinput-11aywtz r-placeholderTextColor-fa7nb4"
    dir="auto"
    spellcheck="true"
    style="background-color: rgb(239, 68, 68); box-shadow: 0px 1px 4px rgba(0,0,0,0.15); color: rgb(22, 30, 46); font-size: 16px; height: 44px; padding: 16px 16px 16px 16px;"
    type="text"
  />
</div>
`;

exports[`defaultProps should render correctly for color 1`] = `
<div
  class="css-view-1dbjc4n"
  style="color: rgb(87, 79, 235); position: relative;"
>
  <input
    autocapitalize="sentences"
    autocomplete="on"
    autocorrect="on"
    class="css-textinput-11aywtz r-placeholderTextColor-fa7nb4"
    dir="auto"
    spellcheck="true"
    style="background-color: rgb(252, 252, 253); border-bottom-left-radius: 6px; border-bottom-right-radius: 6px; border-top-color: rgba(217,217,225,1.00); border-right-color: rgba(217,217,225,1.00); border-bottom-color: rgba(217,217,225,1.00); border-left-color: rgba(217,217,225,1.00); border-top-style: solid; border-right-style: solid; border-bottom-style: solid; border-left-style: solid; border-top-left-radius: 6px; border-top-right-radius: 6px; border-top-width: 1px; border-right-width: 1px; border-bottom-width: 1px; border-left-width: 1px; color: rgb(87, 79, 235); font-size: 16px; height: 44px; padding: 6.4px 12.8px 6.4px 12.8px;"
    type="text"
  />
</div>
`;

exports[`modes renders correctly for applyTheme 1`] = `
<div
  class="css-view-1dbjc4n"
  style="box-shadow: 0px 1px 4px rgba(0,0,0,0.15); color: rgb(238, 237, 253); padding: 16px 16px 16px 16px; position: relative;"
>
  <input
    autocapitalize="sentences"
    autocomplete="on"
    autocorrect="on"
    class="css-textinput-11aywtz r-placeholderTextColor-fa7nb4"
    dir="auto"
    spellcheck="true"
    style="background-color: rgb(239, 68, 68); border-bottom-left-radius: 6px; border-bottom-right-radius: 6px; border-top-color: rgba(217,217,225,1.00); border-right-color: rgba(217,217,225,1.00); border-bottom-color: rgba(217,217,225,1.00); border-left-color: rgba(217,217,225,1.00); border-top-style: solid; border-right-style: solid; border-bottom-style: solid; border-left-style: solid; border-top-left-radius: 6px; border-top-right-radius: 6px; border-top-width: 1px; border-right-width: 1px; border-bottom-width: 1px; border-left-width: 1px; box-shadow: 0px 1px 4px rgba(0,0,0,0.15); color: rgb(238, 237, 253); font-size: 16px; height: 44px; padding: 16px 16px 16px 16px;"
    type="text"
  />
</div>
`;

exports[`modes renders correctly for overrides 1`] = `
<div
  class="css-view-1dbjc4n"
  style="box-shadow: 0px 1px 4px rgba(0,0,0,0.15); padding: 16px 16px 16px 16px; position: relative;"
>
  <input
    autocapitalize="sentences"
    autocomplete="on"
    autocorrect="on"
    class="css-textinput-11aywtz r-placeholderTextColor-fa7nb4"
    dir="auto"
    spellcheck="true"
    style="background-color: rgb(239, 68, 68); border-bottom-left-radius: 6px; border-bottom-right-radius: 6px; border-top-color: rgba(217,217,225,1.00); border-right-color: rgba(217,217,225,1.00); border-bottom-color: rgba(217,217,225,1.00); border-left-color: rgba(217,217,225,1.00); border-top-style: solid; border-right-style: solid; border-bottom-style: solid; border-left-style: solid; border-top-left-radius: 6px; border-top-right-radius: 6px; border-top-width: 1px; border-right-width: 1px; border-bottom-width: 1px; border-left-width: 1px; box-shadow: 0px 1px 4px rgba(0,0,0,0.15); color: rgb(22, 30, 46); font-size: 16px; height: 44px; padding: 16px 16px 16px 16px;"
    type="text"
  />
</div>
`;

exports[`modes should render correctly when colorMode is set globally 1`] = `
<div
  class="css-view-1dbjc4n"
  style="color: rgb(238, 237, 253); position: relative;"
>
  <input
    autocapitalize="sentences"
    autocomplete="on"
    autocorrect="on"
    class="css-textinput-11aywtz r-placeholderTextColor-fa7nb4"
    dir="auto"
    spellcheck="true"
    style="background-color: rgb(239, 68, 68); border-bottom-left-radius: 6px; border-bottom-right-radius: 6px; border-top-color: rgba(217,217,225,1.00); border-right-color: rgba(217,217,225,1.00); border-bottom-color: rgba(217,217,225,1.00); border-left-color: rgba(217,217,225,1.00); border-top-style: solid; border-right-style: solid; border-bottom-style: solid; border-left-style: solid; border-top-left-radius: 6px; border-top-right-radius: 6px; border-top-width: 1px; border-right-width: 1px; border-bottom-width: 1px; border-left-width: 1px; color: rgb(238, 237, 253); font-size: 16px; height: 44px; padding: 6.4px 12.8px 6.4px 12.8px;"
    type="text"
  />
</div>
`;

exports[`modes should render correctly when colorMode set as prop 1`] = `
<div
  class="css-view-1dbjc4n"
  style="color: rgb(238, 237, 253); position: relative;"
>
  <input
    autocapitalize="sentences"
    autocomplete="on"
    autocorrect="on"
    class="css-textinput-11aywtz r-placeholderTextColor-fa7nb4"
    dir="auto"
    spellcheck="true"
    style="background-color: rgb(239, 68, 68); border-bottom-left-radius: 6px; border-bottom-right-radius: 6px; border-top-color: rgba(217,217,225,1.00); border-right-color: rgba(217,217,225,1.00); border-bottom-color: rgba(217,217,225,1.00); border-left-color: rgba(217,217,225,1.00); border-top-style: solid; border-right-style: solid; border-bottom-style: solid; border-left-style: solid; border-top-left-radius: 6px; border-top-right-radius: 6px; border-top-width: 1px; border-right-width: 1px; border-bottom-width: 1px; border-left-width: 1px; color: rgb(238, 237, 253); font-size: 16px; height: 44px; padding: 6.4px 12.8px 6.4px 12.8px;"
    type="text"
  />
</div>
`;

exports[`overrides should render correctly 1`] = `
<div
  class="css-view-1dbjc4n"
  style="box-shadow: 0px 1px 4px rgba(0,0,0,0.15); padding: 16px 16px 16px 16px; position: relative;"
>
  <input
    autocapitalize="sentences"
    autocomplete="on"
    autocorrect="on"
    class="css-textinput-11aywtz r-placeholderTextColor-fa7nb4"
    dir="auto"
    spellcheck="true"
    style="background-color: rgb(239, 68, 68); border-bottom-left-radius: 6px; border-bottom-right-radius: 6px; border-top-color: rgba(217,217,225,1.00); border-right-color: rgba(217,217,225,1.00); border-bottom-color: rgba(217,217,225,1.00); border-left-color: rgba(217,217,225,1.00); border-top-style: solid; border-right-style: solid; border-bottom-style: solid; border-left-style: solid; border-top-left-radius: 6px; border-top-right-radius: 6px; border-top-width: 1px; border-right-width: 1px; border-bottom-width: 1px; border-left-width: 1px; box-shadow: 0px 1px 4px rgba(0,0,0,0.15); color: rgb(22, 30, 46); font-size: 16px; height: 44px; padding: 16px 16px 16px 16px;"
    type="text"
  />
</div>
`;

exports[`props icons should render iconAfter correctly 1`] = `
<div
  class="css-view-1dbjc4n"
  style="position: relative;"
>
  <input
    autocapitalize="sentences"
    autocomplete="on"
    autocorrect="on"
    class="css-textinput-11aywtz r-placeholderTextColor-fa7nb4"
    dir="auto"
    spellcheck="true"
    style="background-color: rgb(252, 252, 253); border-bottom-left-radius: 6px; border-bottom-right-radius: 6px; border-top-color: rgba(217,217,225,1.00); border-right-color: rgba(217,217,225,1.00); border-bottom-color: rgba(217,217,225,1.00); border-left-color: rgba(217,217,225,1.00); border-top-style: solid; border-right-style: solid; border-bottom-style: solid; border-left-style: solid; border-top-left-radius: 6px; border-top-right-radius: 6px; border-top-width: 1px; border-right-width: 1px; border-bottom-width: 1px; border-left-width: 1px; color: rgb(22, 30, 46); font-size: 16px; height: 44px; padding: 6.4px 36px 6.4px 12.8px;"
    type="text"
  />
  <div
    class="css-view-1dbjc4n"
    style="align-items: center; height: 100%; justify-content: center; position: absolute; right: 0px; width: 40px;"
  >
    <svg
      colorMode="default"
      height="16"
      icon="my-icon"
      size="200"
      style="color: rgb(177, 183, 194); display: flex;"
      viewBox="0 0 0 0"
      width="16"
    />
  </div>
</div>
`;

exports[`props icons should render iconBefore correctly 1`] = `
<div
  class="css-view-1dbjc4n"
  style="position: relative;"
>
  <input
    autocapitalize="sentences"
    autocomplete="on"
    autocorrect="on"
    class="css-textinput-11aywtz r-placeholderTextColor-fa7nb4"
    dir="auto"
    spellcheck="true"
    style="background-color: rgb(252, 252, 253); border-bottom-left-radius: 6px; border-bottom-right-radius: 6px; border-top-color: rgba(217,217,225,1.00); border-right-color: rgba(217,217,225,1.00); border-bottom-color: rgba(217,217,225,1.00); border-left-color: rgba(217,217,225,1.00); border-top-style: solid; border-right-style: solid; border-bottom-style: solid; border-left-style: solid; border-top-left-radius: 6px; border-top-right-radius: 6px; border-top-width: 1px; border-right-width: 1px; border-bottom-width: 1px; border-left-width: 1px; color: rgb(22, 30, 46); font-size: 16px; height: 44px; padding: 6.4px 12.8px 6.4px 36px;"
    type="text"
  />
  <div
    class="css-view-1dbjc4n"
    style="align-items: center; height: 100%; justify-content: center; position: absolute; width: 40px;"
  >
    <svg
      colorMode="default"
      height="16"
      icon="my-icon"
      size="200"
      style="color: rgb(177, 183, 194); display: flex;"
      viewBox="0 0 0 0"
      width="16"
    />
  </div>
</div>
`;

exports[`props should assign a ref via inputRef 1`] = `
<input
  autocapitalize="sentences"
  autocomplete="on"
  autocorrect="on"
  class="css-textinput-11aywtz r-placeholderTextColor-fa7nb4"
  dir="auto"
  spellcheck="true"
  style="background-color: rgb(252, 252, 253); border-bottom-left-radius: 6px; border-bottom-right-radius: 6px; border-top-color: rgba(217,217,225,1.00); border-right-color: rgba(217,217,225,1.00); border-bottom-color: rgba(217,217,225,1.00); border-left-color: rgba(217,217,225,1.00); border-top-style: solid; border-right-style: solid; border-bottom-style: solid; border-left-style: solid; border-top-left-radius: 6px; border-top-right-radius: 6px; border-top-width: 1px; border-right-width: 1px; border-bottom-width: 1px; border-left-width: 1px; color: rgb(22, 30, 46); font-size: 16px; height: 44px; padding: 6.4px 12.8px 6.4px 12.8px;"
  type="text"
/>
`;

exports[`props should render correctly 1`] = `
<div
  class="css-view-1dbjc4n"
  style="position: relative;"
>
  <input
    autocapitalize="sentences"
    autocomplete="on"
    autocorrect="on"
    class="css-textinput-11aywtz r-placeholderTextColor-fa7nb4"
    dir="auto"
    spellcheck="true"
    style="background-color: rgb(252, 252, 253); border-bottom-left-radius: 6px; border-bottom-right-radius: 6px; border-top-color: rgba(217,217,225,1.00); border-right-color: rgba(217,217,225,1.00); border-bottom-color: rgba(217,217,225,1.00); border-left-color: rgba(217,217,225,1.00); border-top-style: solid; border-right-style: solid; border-bottom-style: solid; border-left-style: solid; border-top-left-radius: 6px; border-top-right-radius: 6px; border-top-width: 1px; border-right-width: 1px; border-bottom-width: 1px; border-left-width: 1px; color: rgb(22, 30, 46); font-size: 16px; height: 44px; padding: 6.4px 12.8px 6.4px 12.8px;"
    type="text"
  />
</div>
`;

exports[`props should render correctly when disabled 1`] = `
<div
  class="css-view-1dbjc4n"
  style="position: relative;"
>
  <input
    autocapitalize="sentences"
    autocomplete="on"
    autocorrect="on"
    class="css-textinput-11aywtz r-placeholderTextColor-fa7nb4"
    dir="auto"
    disabled=""
    spellcheck="true"
    style="background-color: rgb(242, 242, 245); border-bottom-left-radius: 6px; border-bottom-right-radius: 6px; border-top-color: rgba(217,217,225,1.00); border-right-color: rgba(217,217,225,1.00); border-bottom-color: rgba(217,217,225,1.00); border-left-color: rgba(217,217,225,1.00); border-top-style: solid; border-right-style: solid; border-bottom-style: solid; border-left-style: solid; border-top-left-radius: 6px; border-top-right-radius: 6px; border-top-width: 1px; border-right-width: 1px; border-bottom-width: 1px; border-left-width: 1px; color: rgb(55, 75, 115); font-size: 16px; height: 44px; padding: 6.4px 12.8px 6.4px 12.8px;"
    type="text"
  />
</div>
`;

exports[`props should render correctly with CSS props 1`] = `
<div
  class="css-view-1dbjc4n"
  style="color: rgb(87, 79, 235); position: relative;"
>
  <input
    autocapitalize="sentences"
    autocomplete="on"
    autocorrect="on"
    class="css-textinput-11aywtz r-placeholderTextColor-fa7nb4"
    dir="auto"
    spellcheck="true"
    style="background-color: rgb(252, 252, 253); border-bottom-left-radius: 6px; border-bottom-right-radius: 6px; border-top-color: rgba(217,217,225,1.00); border-right-color: rgba(217,217,225,1.00); border-bottom-color: rgba(217,217,225,1.00); border-left-color: rgba(217,217,225,1.00); border-top-style: solid; border-right-style: solid; border-bottom-style: solid; border-left-style: solid; border-top-left-radius: 6px; border-top-right-radius: 6px; border-top-width: 1px; border-right-width: 1px; border-bottom-width: 1px; border-left-width: 1px; color: rgb(22, 30, 46); font-size: 16px; height: 44px; padding: 6.4px 12.8px 6.4px 12.8px;"
    type="text"
  />
</div>
`;

exports[`props sizes should render large correctly 1`] = `
<div
  class="css-view-1dbjc4n"
  style="position: relative;"
>
  <input
    autocapitalize="sentences"
    autocomplete="on"
    autocorrect="on"
    class="css-textinput-11aywtz r-placeholderTextColor-fa7nb4"
    dir="auto"
    spellcheck="true"
    style="background-color: rgb(252, 252, 253); border-bottom-left-radius: 6px; border-bottom-right-radius: 6px; border-top-color: rgba(217,217,225,1.00); border-right-color: rgba(217,217,225,1.00); border-bottom-color: rgba(217,217,225,1.00); border-left-color: rgba(217,217,225,1.00); border-top-style: solid; border-right-style: solid; border-bottom-style: solid; border-left-style: solid; border-top-left-radius: 6px; border-top-right-radius: 6px; border-top-width: 1px; border-right-width: 1px; border-bottom-width: 1px; border-left-width: 1px; color: rgb(22, 30, 46); font-size: 24px; height: 66px; padding: 9.600000000000001px 19.200000000000003px 9.600000000000001px 19.200000000000003px;"
    type="text"
  />
</div>
`;

exports[`props sizes should render medium correctly 1`] = `
<div
  class="css-view-1dbjc4n"
  style="position: relative;"
>
  <input
    autocapitalize="sentences"
    autocomplete="on"
    autocorrect="on"
    class="css-textinput-11aywtz r-placeholderTextColor-fa7nb4"
    dir="auto"
    spellcheck="true"
    style="background-color: rgb(252, 252, 253); border-bottom-left-radius: 6px; border-bottom-right-radius: 6px; border-top-color: rgba(217,217,225,1.00); border-right-color: rgba(217,217,225,1.00); border-bottom-color: rgba(217,217,225,1.00); border-left-color: rgba(217,217,225,1.00); border-top-style: solid; border-right-style: solid; border-bottom-style: solid; border-left-style: solid; border-top-left-radius: 6px; border-top-right-radius: 6px; border-top-width: 1px; border-right-width: 1px; border-bottom-width: 1px; border-left-width: 1px; color: rgb(22, 30, 46); font-size: 20px; height: 55px; padding: 8px 16px 8px 16px;"
    type="text"
  />
</div>
`;

exports[`props sizes should render small correctly 1`] = `
<div
  class="css-view-1dbjc4n"
  style="position: relative;"
>
  <input
    autocapitalize="sentences"
    autocomplete="on"
    autocorrect="on"
    class="css-textinput-11aywtz r-placeholderTextColor-fa7nb4"
    dir="auto"
    spellcheck="true"
    style="background-color: rgb(252, 252, 253); border-bottom-left-radius: 6px; border-bottom-right-radius: 6px; border-top-color: rgba(217,217,225,1.00); border-right-color: rgba(217,217,225,1.00); border-bottom-color: rgba(217,217,225,1.00); border-left-color: rgba(217,217,225,1.00); border-top-style: solid; border-right-style: solid; border-bottom-style: solid; border-left-style: solid; border-top-left-radius: 6px; border-top-right-radius: 6px; border-top-width: 1px; border-right-width: 1px; border-bottom-width: 1px; border-left-width: 1px; color: rgb(22, 30, 46); font-size: 12px; height: 33px; padding: 4.800000000000001px 9.600000000000001px 4.800000000000001px 9.600000000000001px;"
    type="text"
  />
</div>
`;

exports[`props states should render danger correctly 1`] = `
<div
  class="css-view-1dbjc4n"
  style="position: relative;"
>
  <input
    autocapitalize="sentences"
    autocomplete="on"
    autocorrect="on"
    class="css-textinput-11aywtz r-placeholderTextColor-fa7nb4"
    dir="auto"
    spellcheck="true"
    style="background-color: rgb(252, 252, 253); border-bottom-left-radius: 6px; border-bottom-right-radius: 6px; border-top-color: rgba(218,23,23,1.00); border-right-color: rgba(218,23,23,1.00); border-bottom-color: rgba(218,23,23,1.00); border-left-color: rgba(218,23,23,1.00); border-top-style: solid; border-right-style: solid; border-bottom-style: solid; border-left-style: solid; border-top-left-radius: 6px; border-top-right-radius: 6px; border-top-width: 1px; border-right-width: 1px; border-bottom-width: 1px; border-left-width: 1px; color: rgb(22, 30, 46); font-size: 16px; height: 44px; padding: 6.4px 12.8px 6.4px 12.8px;"
    type="text"
  />
</div>
`;

exports[`props states should render primary correctly 1`] = `
<div
  class="css-view-1dbjc4n"
  style="position: relative;"
>
  <input
    autocapitalize="sentences"
    autocomplete="on"
    autocorrect="on"
    class="css-textinput-11aywtz r-placeholderTextColor-fa7nb4"
    dir="auto"
    spellcheck="true"
    style="background-color: rgb(252, 252, 253); border-bottom-left-radius: 6px; border-bottom-right-radius: 6px; border-top-color: rgba(87,79,235,1.00); border-right-color: rgba(87,79,235,1.00); border-bottom-color: rgba(87,79,235,1.00); border-left-color: rgba(87,79,235,1.00); border-top-style: solid; border-right-style: solid; border-bottom-style: solid; border-left-style: solid; border-top-left-radius: 6px; border-top-right-radius: 6px; border-top-width: 1px; border-right-width: 1px; border-bottom-width: 1px; border-left-width: 1px; color: rgb(22, 30, 46); font-size: 16px; height: 44px; padding: 6.4px 12.8px 6.4px 12.8px;"
    type="text"
  />
</div>
`;

exports[`props states should render success correctly 1`] = `
<div
  class="css-view-1dbjc4n"
  style="position: relative;"
>
  <input
    autocapitalize="sentences"
    autocomplete="on"
    autocorrect="on"
    class="css-textinput-11aywtz r-placeholderTextColor-fa7nb4"
    dir="auto"
    spellcheck="true"
    style="background-color: rgb(252, 252, 253); border-bottom-left-radius: 6px; border-bottom-right-radius: 6px; border-top-color: rgba(10,125,51,1.00); border-right-color: rgba(10,125,51,1.00); border-bottom-color: rgba(10,125,51,1.00); border-left-color: rgba(10,125,51,1.00); border-top-style: solid; border-right-style: solid; border-bottom-style: solid; border-left-style: solid; border-top-left-radius: 6px; border-top-right-radius: 6px; border-top-width: 1px; border-right-width: 1px; border-bottom-width: 1px; border-left-width: 1px; color: rgb(22, 30, 46); font-size: 16px; height: 44px; padding: 6.4px 12.8px 6.4px 12.8px;"
    type="text"
  />
</div>
`;

exports[`props states should render warning correctly 1`] = `
<div
  class="css-view-1dbjc4n"
  style="position: relative;"
>
  <input
    autocapitalize="sentences"
    autocomplete="on"
    autocorrect="on"
    class="css-textinput-11aywtz r-placeholderTextColor-fa7nb4"
    dir="auto"
    spellcheck="true"
    style="background-color: rgb(252, 252, 253); border-bottom-left-radius: 6px; border-bottom-right-radius: 6px; border-top-color: rgba(245,158,11,1.00); border-right-color: rgba(245,158,11,1.00); border-bottom-color: rgba(245,158,11,1.00); border-left-color: rgba(245,158,11,1.00); border-top-style: solid; border-right-style: solid; border-bottom-style: solid; border-left-style: solid; border-top-left-radius: 6px; border-top-right-radius: 6px; border-top-width: 1px; border-right-width: 1px; border-bottom-width: 1px; border-left-width: 1px; color: rgb(22, 30, 46); font-size: 16px; height: 44px; padding: 6.4px 12.8px 6.4px 12.8px;"
    type="text"
  />
</div>
`;

exports[`theming Input.IconWrapper.styles.base should render correctly 1`] = `
<div
  class="css-view-1dbjc4n"
  style="position: relative;"
>
  <input
    autocapitalize="sentences"
    autocomplete="on"
    autocorrect="on"
    class="css-textinput-11aywtz r-placeholderTextColor-fa7nb4"
    dir="auto"
    placeholder=""
    spellcheck="true"
    style="background-color: rgb(252, 252, 253); border-bottom-left-radius: 6px; border-bottom-right-radius: 6px; border-top-color: rgba(217,217,225,1.00); border-right-color: rgba(217,217,225,1.00); border-bottom-color: rgba(217,217,225,1.00); border-left-color: rgba(217,217,225,1.00); border-top-style: solid; border-right-style: solid; border-bottom-style: solid; border-left-style: solid; border-top-left-radius: 6px; border-top-right-radius: 6px; border-top-width: 1px; border-right-width: 1px; border-bottom-width: 1px; border-left-width: 1px; color: rgb(22, 30, 46); font-size: 16px; height: 44px; padding: 6.4px 12.8px 6.4px 36px;"
    type="text"
  />
  <div
    class="css-view-1dbjc4n"
    style="align-items: center; background-color: rgb(239, 68, 68); height: 100%; justify-content: center; position: absolute; width: 40px;"
  >
    <svg
      colorMode="default"
      height="16"
      icon="my-icon"
      size="200"
      style="color: rgb(177, 183, 194); display: flex;"
      viewBox="0 0 0 0"
      width="16"
    />
  </div>
  <div
    class="css-view-1dbjc4n"
    style="margin: 0px 10px 0px 34px; position: absolute; top: 12.8px;"
  >
    <div
      class="css-view-1dbjc4n"
      style="cursor: pointer;"
      tabindex="0"
    >
      <div
        class="css-text-901oao"
        dir="auto"
        style="background-color: rgb(252, 252, 253); border-bottom-left-radius: 4px; border-bottom-right-radius: 4px; border-top-left-radius: 4px; border-top-right-radius: 4px; color: rgb(145, 154, 169); cursor: text; font-size: 16px; font-weight: 400; padding: 0px 4px 0px 4px; position: absolute;"
      >
        Username
      </div>
    </div>
  </div>
</div>
`;

exports[`theming Input.Label.styles.base should render correctly 1`] = `
<div
  class="css-view-1dbjc4n"
  style="position: relative;"
>
  <input
    autocapitalize="sentences"
    autocomplete="on"
    autocorrect="on"
    class="css-textinput-11aywtz r-placeholderTextColor-fa7nb4"
    dir="auto"
    placeholder=""
    spellcheck="true"
    style="background-color: rgb(252, 252, 253); border-bottom-left-radius: 6px; border-bottom-right-radius: 6px; border-top-color: rgba(217,217,225,1.00); border-right-color: rgba(217,217,225,1.00); border-bottom-color: rgba(217,217,225,1.00); border-left-color: rgba(217,217,225,1.00); border-top-style: solid; border-right-style: solid; border-bottom-style: solid; border-left-style: solid; border-top-left-radius: 6px; border-top-right-radius: 6px; border-top-width: 1px; border-right-width: 1px; border-bottom-width: 1px; border-left-width: 1px; color: rgb(22, 30, 46); font-size: 16px; height: 44px; padding: 6.4px 12.8px 6.4px 12.8px;"
    type="text"
  />
  <div
    class="css-view-1dbjc4n"
    style="margin: 0px 10px 0px 10px; position: absolute; top: 12.8px;"
  >
    <div
      class="css-view-1dbjc4n"
      style="cursor: pointer;"
      tabindex="0"
    >
      <div
        class="css-text-901oao"
        dir="auto"
        style="background-color: rgb(239, 68, 68); border-bottom-left-radius: 4px; border-bottom-right-radius: 4px; border-top-left-radius: 4px; border-top-right-radius: 4px; color: rgb(145, 154, 169); cursor: text; font-size: 16px; font-weight: 400; padding: 0px 4px 0px 4px; position: absolute;"
      >
        Username
      </div>
    </div>
  </div>
</div>
`;

exports[`theming Input.LabelWrapper.styles.base should render correctly 1`] = `
<div
  class="css-view-1dbjc4n"
  style="position: relative;"
>
  <input
    autocapitalize="sentences"
    autocomplete="on"
    autocorrect="on"
    class="css-textinput-11aywtz r-placeholderTextColor-fa7nb4"
    dir="auto"
    placeholder=""
    spellcheck="true"
    style="background-color: rgb(252, 252, 253); border-bottom-left-radius: 6px; border-bottom-right-radius: 6px; border-top-color: rgba(217,217,225,1.00); border-right-color: rgba(217,217,225,1.00); border-bottom-color: rgba(217,217,225,1.00); border-left-color: rgba(217,217,225,1.00); border-top-style: solid; border-right-style: solid; border-bottom-style: solid; border-left-style: solid; border-top-left-radius: 6px; border-top-right-radius: 6px; border-top-width: 1px; border-right-width: 1px; border-bottom-width: 1px; border-left-width: 1px; color: rgb(22, 30, 46); font-size: 16px; height: 44px; padding: 6.4px 12.8px 6.4px 12.8px;"
    type="text"
  />
  <div
    class="css-view-1dbjc4n"
    style="background-color: rgb(239, 68, 68); margin: 0px 10px 0px 10px; position: absolute; top: 12.8px;"
  >
    <div
      class="css-view-1dbjc4n"
      style="cursor: pointer;"
      tabindex="0"
    >
      <div
        class="css-text-901oao"
        dir="auto"
        style="background-color: rgb(252, 252, 253); border-bottom-left-radius: 4px; border-bottom-right-radius: 4px; border-top-left-radius: 4px; border-top-right-radius: 4px; color: rgb(145, 154, 169); cursor: text; font-size: 16px; font-weight: 400; padding: 0px 4px 0px 4px; position: absolute;"
      >
        Username
      </div>
    </div>
  </div>
</div>
`;

exports[`theming Input.styles.base should render correctly 1`] = `
<div
  class="css-view-1dbjc4n"
  style="position: relative;"
>
  <input
    autocapitalize="sentences"
    autocomplete="on"
    autocorrect="on"
    class="css-textinput-11aywtz r-placeholderTextColor-fa7nb4"
    dir="auto"
    spellcheck="true"
    style="background-color: rgb(239, 68, 68); border-bottom-left-radius: 6px; border-bottom-right-radius: 6px; border-top-color: rgba(217,217,225,1.00); border-right-color: rgba(217,217,225,1.00); border-bottom-color: rgba(217,217,225,1.00); border-left-color: rgba(217,217,225,1.00); border-top-style: solid; border-right-style: solid; border-bottom-style: solid; border-left-style: solid; border-top-left-radius: 6px; border-top-right-radius: 6px; border-top-width: 1px; border-right-width: 1px; border-bottom-width: 1px; border-left-width: 1px; color: rgb(22, 30, 46); font-size: 16px; height: 44px; padding: 6.4px 12.8px 6.4px 12.8px;"
    type="text"
  />
</div>
`;

exports[`theming Input.styles.base should render correctly 2`] = `
<div
  class="css-view-1dbjc4n"
  style="position: relative;"
>
  <input
    autocapitalize="sentences"
    autocomplete="on"
    autocorrect="on"
    class="css-textinput-11aywtz r-placeholderTextColor-fa7nb4"
    dir="auto"
    spellcheck="true"
    style="background-color: rgb(239, 68, 68); border-bottom-left-radius: 6px; border-bottom-right-radius: 6px; border-top-color: rgba(217,217,225,1.00); border-right-color: rgba(217,217,225,1.00); border-bottom-color: rgba(217,217,225,1.00); border-left-color: rgba(217,217,225,1.00); border-top-style: solid; border-right-style: solid; border-bottom-style: solid; border-left-style: solid; border-top-left-radius: 6px; border-top-right-radius: 6px; border-top-width: 1px; border-right-width: 1px; border-bottom-width: 1px; border-left-width: 1px; color: rgb(22, 30, 46); font-size: 16px; height: 44px; padding: 6.4px 12.8px 6.4px 12.8px;"
    type="text"
  />
</div>
`;

exports[`theming Input.styles.base should render correctly 3`] = `
<div
  class="css-view-1dbjc4n"
  style="position: relative;"
>
  <input
    autocapitalize="sentences"
    autocomplete="on"
    autocorrect="on"
    class="css-textinput-11aywtz r-placeholderTextColor-fa7nb4"
    dir="auto"
    spellcheck="true"
    style="background-color: rgb(252, 252, 253); border-bottom-left-radius: 6px; border-bottom-right-radius: 6px; border-top-color: rgba(217,217,225,1.00); border-right-color: rgba(217,217,225,1.00); border-bottom-color: rgba(217,217,225,1.00); border-left-color: rgba(217,217,225,1.00); border-top-style: solid; border-right-style: solid; border-bottom-style: solid; border-left-style: solid; border-top-left-radius: 6px; border-top-right-radius: 6px; border-top-width: 1px; border-right-width: 1px; border-bottom-width: 1px; border-left-width: 1px; color: rgb(22, 30, 46); font-size: 16px; height: 44px; padding: 6.4px 12.8px 6.4px 12.8px;"
    type="text"
  />
</div>
`;

exports[`variants renders correctly for applyTheme 1`] = `
<div
  class="css-view-1dbjc4n"
  style="box-shadow: 0px 1px 4px rgba(0,0,0,0.15); color: rgb(239, 68, 68); padding: 16px 16px 16px 16px; position: relative;"
>
  <input
    autocapitalize="sentences"
    autocomplete="on"
    autocorrect="on"
    class="css-textinput-11aywtz r-placeholderTextColor-fa7nb4"
    dir="auto"
    spellcheck="true"
    style="box-shadow: 0px 1px 4px rgba(0,0,0,0.15); color: rgb(239, 68, 68); font-size: 16px; height: 44px; padding: 16px 16px 16px 16px;"
    type="text"
  />
</div>
`;

exports[`variants renders correctly for overrides 1`] = `
<div
  class="css-view-1dbjc4n"
  style="box-shadow: 0px 1px 4px rgba(0,0,0,0.15); padding: 16px 16px 16px 16px; position: relative;"
>
  <input
    autocapitalize="sentences"
    autocomplete="on"
    autocorrect="on"
    class="css-textinput-11aywtz r-placeholderTextColor-fa7nb4"
    dir="auto"
    spellcheck="true"
    style="background-color: rgb(239, 68, 68); box-shadow: 0px 1px 4px rgba(0,0,0,0.15); color: rgb(22, 30, 46); font-size: 16px; height: 44px; padding: 16px 16px 16px 16px;"
    type="text"
  />
</div>
`;

exports[`variants styles.base should render correctly 1`] = `
<div
  class="css-view-1dbjc4n"
  style="position: relative;"
>
  <input
    autocapitalize="sentences"
    autocomplete="on"
    autocorrect="on"
    class="css-textinput-11aywtz r-placeholderTextColor-fa7nb4"
    dir="auto"
    spellcheck="true"
    style="background-color: rgb(239, 68, 68); color: rgb(22, 30, 46); font-size: 16px; height: 44px;"
    type="text"
  />
</div>
`;
