// Jest Snapshot v1, https://goo.gl/fbAQLP

exports[`applyTheme renders correctly 1`] = `
<div
  class="css-view-1dbjc4n"
  style="box-shadow: 0px 1px 4px rgba(0,0,0,0.15); padding: 16px 16px 16px 16px;"
>
  <div
    class="css-view-1dbjc4n"
  >
    <div
      class="css-view-1dbjc4n"
      style="align-items: center; display: flex; flex-direction: row;"
    />
  </div>
  <div
    class="css-view-1dbjc4n"
  >
    <div
      class="css-view-1dbjc4n"
      style="position: relative;"
    >
      <input
        aria-labelledby="id-test"
        autocapitalize="sentences"
        autocomplete="on"
        autocorrect="on"
        class="css-textinput-11aywtz r-placeholderTextColor-fa7nb4"
        dir="auto"
        spellcheck="true"
        style="color: rgb(22, 30, 46); font-size: 16px; height: 44px;"
        type="text"
      />
    </div>
  </div>
</div>
`;

exports[`defaultProps should render correctly for color 1`] = `
<div
  class="css-view-1dbjc4n"
  style="color: rgb(87, 79, 235);"
>
  <div
    class="css-view-1dbjc4n"
    style="margin-bottom: 8px;"
  >
    <div
      class="css-view-1dbjc4n"
      style="align-items: center; display: flex; flex-direction: row;"
    />
  </div>
  <div
    class="css-view-1dbjc4n"
  >
    <div
      class="css-view-1dbjc4n"
      style="position: relative;"
    >
      <input
        aria-labelledby="id-test"
        autocapitalize="sentences"
        autocomplete="on"
        autocorrect="on"
        class="css-textinput-11aywtz r-placeholderTextColor-fa7nb4"
        dir="auto"
        spellcheck="true"
        style="background-color: rgb(252, 252, 253); border-bottom-left-radius: 6px; border-bottom-right-radius: 6px; border-top-color: rgba(217,217,225,1.00); border-right-color: rgba(217,217,225,1.00); border-bottom-color: rgba(217,217,225,1.00); border-left-color: rgba(217,217,225,1.00); border-top-style: solid; border-right-style: solid; border-bottom-style: solid; border-left-style: solid; border-top-left-radius: 6px; border-top-right-radius: 6px; border-top-width: 1px; border-right-width: 1px; border-bottom-width: 1px; border-left-width: 1px; color: rgb(22, 30, 46); font-size: 16px; height: 44px; padding: 6.4px 12.8px 6.4px 12.8px;"
        type="text"
      />
    </div>
  </div>
</div>
`;

exports[`modes renders correctly for applyTheme 1`] = `
<div
  class="css-view-1dbjc4n"
  style="box-shadow: 0px 1px 4px rgba(0,0,0,0.15); color: rgb(238, 237, 253); padding: 16px 16px 16px 16px;"
>
  <div
    class="css-view-1dbjc4n"
    style="margin-bottom: 8px;"
  >
    <div
      class="css-view-1dbjc4n"
      style="align-items: center; display: flex; flex-direction: row;"
    />
  </div>
  <div
    class="css-view-1dbjc4n"
  >
    <div
      class="css-view-1dbjc4n"
      style="position: relative;"
    >
      <input
        aria-labelledby="id-test"
        autocapitalize="sentences"
        autocomplete="on"
        autocorrect="on"
        class="css-textinput-11aywtz r-placeholderTextColor-fa7nb4"
        dir="auto"
        spellcheck="true"
        style="background-color: rgb(252, 252, 253); border-bottom-left-radius: 6px; border-bottom-right-radius: 6px; border-top-color: rgba(217,217,225,1.00); border-right-color: rgba(217,217,225,1.00); border-bottom-color: rgba(217,217,225,1.00); border-left-color: rgba(217,217,225,1.00); border-top-style: solid; border-right-style: solid; border-bottom-style: solid; border-left-style: solid; border-top-left-radius: 6px; border-top-right-radius: 6px; border-top-width: 1px; border-right-width: 1px; border-bottom-width: 1px; border-left-width: 1px; color: rgb(22, 30, 46); font-size: 16px; height: 44px; padding: 6.4px 12.8px 6.4px 12.8px;"
        type="text"
      />
    </div>
  </div>
</div>
`;

exports[`modes renders correctly for overrides 1`] = `
<div
  class="css-view-1dbjc4n"
  style="box-shadow: 0px 1px 4px rgba(0,0,0,0.15); padding: 16px 16px 16px 16px;"
>
  <div
    class="css-view-1dbjc4n"
    style="margin-bottom: 8px;"
  >
    <div
      class="css-view-1dbjc4n"
      style="align-items: center; display: flex; flex-direction: row;"
    />
  </div>
  <div
    class="css-view-1dbjc4n"
  >
    <div
      class="css-view-1dbjc4n"
      style="position: relative;"
    >
      <input
        aria-labelledby="id-test"
        autocapitalize="sentences"
        autocomplete="on"
        autocorrect="on"
        class="css-textinput-11aywtz r-placeholderTextColor-fa7nb4"
        dir="auto"
        spellcheck="true"
        style="background-color: rgb(252, 252, 253); border-bottom-left-radius: 6px; border-bottom-right-radius: 6px; border-top-color: rgba(217,217,225,1.00); border-right-color: rgba(217,217,225,1.00); border-bottom-color: rgba(217,217,225,1.00); border-left-color: rgba(217,217,225,1.00); border-top-style: solid; border-right-style: solid; border-bottom-style: solid; border-left-style: solid; border-top-left-radius: 6px; border-top-right-radius: 6px; border-top-width: 1px; border-right-width: 1px; border-bottom-width: 1px; border-left-width: 1px; color: rgb(22, 30, 46); font-size: 16px; height: 44px; padding: 6.4px 12.8px 6.4px 12.8px;"
        type="text"
      />
    </div>
  </div>
</div>
`;

exports[`modes should render correctly when colorMode is set globally 1`] = `
<div
  class="css-view-1dbjc4n"
  style="background-color: rgb(239, 68, 68); color: rgb(238, 237, 253);"
>
  <div
    class="css-view-1dbjc4n"
    style="margin-bottom: 8px;"
  >
    <div
      class="css-view-1dbjc4n"
      style="align-items: center; display: flex; flex-direction: row;"
    />
  </div>
  <div
    class="css-view-1dbjc4n"
  >
    <div
      class="css-view-1dbjc4n"
      style="position: relative;"
    >
      <input
        aria-labelledby="id-test"
        autocapitalize="sentences"
        autocomplete="on"
        autocorrect="on"
        class="css-textinput-11aywtz r-placeholderTextColor-fa7nb4"
        dir="auto"
        spellcheck="true"
        style="background-color: rgb(252, 252, 253); border-bottom-left-radius: 6px; border-bottom-right-radius: 6px; border-top-color: rgba(217,217,225,1.00); border-right-color: rgba(217,217,225,1.00); border-bottom-color: rgba(217,217,225,1.00); border-left-color: rgba(217,217,225,1.00); border-top-style: solid; border-right-style: solid; border-bottom-style: solid; border-left-style: solid; border-top-left-radius: 6px; border-top-right-radius: 6px; border-top-width: 1px; border-right-width: 1px; border-bottom-width: 1px; border-left-width: 1px; color: rgb(22, 30, 46); font-size: 16px; height: 44px; padding: 6.4px 12.8px 6.4px 12.8px;"
        type="text"
      />
    </div>
  </div>
</div>
`;

exports[`modes should render correctly when colorMode set as prop 1`] = `
<div
  class="css-view-1dbjc4n"
  style="background-color: rgb(239, 68, 68); color: rgb(238, 237, 253);"
>
  <div
    class="css-view-1dbjc4n"
    style="margin-bottom: 8px;"
  >
    <div
      class="css-view-1dbjc4n"
      style="align-items: center; display: flex; flex-direction: row;"
    />
  </div>
  <div
    class="css-view-1dbjc4n"
  >
    <div
      class="css-view-1dbjc4n"
      style="position: relative;"
    >
      <input
        aria-labelledby="id-test"
        autocapitalize="sentences"
        autocomplete="on"
        autocorrect="on"
        class="css-textinput-11aywtz r-placeholderTextColor-fa7nb4"
        dir="auto"
        spellcheck="true"
        style="background-color: rgb(252, 252, 253); border-bottom-left-radius: 6px; border-bottom-right-radius: 6px; border-top-color: rgba(217,217,225,1.00); border-right-color: rgba(217,217,225,1.00); border-bottom-color: rgba(217,217,225,1.00); border-left-color: rgba(217,217,225,1.00); border-top-style: solid; border-right-style: solid; border-bottom-style: solid; border-left-style: solid; border-top-left-radius: 6px; border-top-right-radius: 6px; border-top-width: 1px; border-right-width: 1px; border-bottom-width: 1px; border-left-width: 1px; color: rgb(22, 30, 46); font-size: 16px; height: 44px; padding: 6.4px 12.8px 6.4px 12.8px;"
        type="text"
      />
    </div>
  </div>
</div>
`;

exports[`overrides should render correctly 1`] = `
<div
  class="css-view-1dbjc4n"
>
  <div
    class="css-view-1dbjc4n"
    style="margin-bottom: 8px;"
  >
    <div
      class="css-view-1dbjc4n"
      style="align-items: center; display: flex; flex-direction: row;"
    />
  </div>
  <div
    class="css-view-1dbjc4n"
  >
    <div
      class="css-view-1dbjc4n"
      style="position: relative;"
    >
      <input
        aria-labelledby="id-test"
        autocapitalize="sentences"
        autocomplete="on"
        autocorrect="on"
        class="css-textinput-11aywtz r-placeholderTextColor-fa7nb4"
        dir="auto"
        spellcheck="true"
        style="background-color: rgb(252, 252, 253); border-bottom-left-radius: 6px; border-bottom-right-radius: 6px; border-top-color: rgba(217,217,225,1.00); border-right-color: rgba(217,217,225,1.00); border-bottom-color: rgba(217,217,225,1.00); border-left-color: rgba(217,217,225,1.00); border-top-style: solid; border-right-style: solid; border-bottom-style: solid; border-left-style: solid; border-top-left-radius: 6px; border-top-right-radius: 6px; border-top-width: 1px; border-right-width: 1px; border-bottom-width: 1px; border-left-width: 1px; color: rgb(22, 30, 46); font-size: 16px; height: 44px; padding: 6.4px 12.8px 6.4px 12.8px;"
        type="text"
      />
    </div>
  </div>
</div>
`;

exports[`props should render correctly 1`] = `
<div
  class="css-view-1dbjc4n"
>
  <div
    class="css-view-1dbjc4n"
    style="margin-bottom: 8px;"
  >
    <div
      class="css-view-1dbjc4n"
      style="align-items: center; display: flex; flex-direction: row;"
    >
      <div
        class="css-text-901oao"
        dir="auto"
        id="id-test"
        style="color: rgb(22, 30, 46); font-size: 16px; font-weight: 500;"
      >
        Username
      </div>
    </div>
  </div>
  <div
    class="css-view-1dbjc4n"
  >
    <div
      class="css-view-1dbjc4n"
      style="position: relative;"
    >
      <input
        aria-labelledby="id-test"
        autocapitalize="sentences"
        autocomplete="on"
        autocorrect="on"
        class="css-textinput-11aywtz r-placeholderTextColor-fa7nb4"
        dir="auto"
        spellcheck="true"
        style="background-color: rgb(252, 252, 253); border-bottom-left-radius: 6px; border-bottom-right-radius: 6px; border-top-color: rgba(217,217,225,1.00); border-right-color: rgba(217,217,225,1.00); border-bottom-color: rgba(217,217,225,1.00); border-left-color: rgba(217,217,225,1.00); border-top-style: solid; border-right-style: solid; border-bottom-style: solid; border-left-style: solid; border-top-left-radius: 6px; border-top-right-radius: 6px; border-top-width: 1px; border-right-width: 1px; border-bottom-width: 1px; border-left-width: 1px; color: rgb(22, 30, 46); font-size: 16px; height: 44px; padding: 6.4px 12.8px 6.4px 12.8px;"
        type="text"
      />
    </div>
  </div>
</div>
`;

exports[`props should render correctly for a danger state 1`] = `
<div
  class="css-view-1dbjc4n"
>
  <div
    class="css-view-1dbjc4n"
    style="margin-bottom: 8px;"
  >
    <div
      class="css-view-1dbjc4n"
      style="align-items: center; display: flex; flex-direction: row;"
    />
  </div>
  <div
    class="css-view-1dbjc4n"
  >
    <div
      class="css-view-1dbjc4n"
      style="position: relative;"
    >
      <input
        aria-labelledby="id-test"
        autocapitalize="sentences"
        autocomplete="on"
        autocorrect="on"
        class="css-textinput-11aywtz r-placeholderTextColor-fa7nb4"
        dir="auto"
        spellcheck="true"
        style="background-color: rgb(252, 252, 253); border-bottom-left-radius: 6px; border-bottom-right-radius: 6px; border-top-color: rgba(218,23,23,1.00); border-right-color: rgba(218,23,23,1.00); border-bottom-color: rgba(218,23,23,1.00); border-left-color: rgba(218,23,23,1.00); border-top-style: solid; border-right-style: solid; border-bottom-style: solid; border-left-style: solid; border-top-left-radius: 6px; border-top-right-radius: 6px; border-top-width: 1px; border-right-width: 1px; border-bottom-width: 1px; border-left-width: 1px; color: rgb(22, 30, 46); font-size: 16px; height: 44px; padding: 6.4px 12.8px 6.4px 12.8px;"
        type="text"
      />
    </div>
  </div>
</div>
`;

exports[`props should render correctly for a success state 1`] = `
<div
  class="css-view-1dbjc4n"
>
  <div
    class="css-view-1dbjc4n"
    style="margin-bottom: 8px;"
  >
    <div
      class="css-view-1dbjc4n"
      style="align-items: center; display: flex; flex-direction: row;"
    />
  </div>
  <div
    class="css-view-1dbjc4n"
  >
    <div
      class="css-view-1dbjc4n"
      style="position: relative;"
    >
      <input
        aria-labelledby="id-test"
        autocapitalize="sentences"
        autocomplete="on"
        autocorrect="on"
        class="css-textinput-11aywtz r-placeholderTextColor-fa7nb4"
        dir="auto"
        spellcheck="true"
        style="background-color: rgb(252, 252, 253); border-bottom-left-radius: 6px; border-bottom-right-radius: 6px; border-top-color: rgba(10,125,51,1.00); border-right-color: rgba(10,125,51,1.00); border-bottom-color: rgba(10,125,51,1.00); border-left-color: rgba(10,125,51,1.00); border-top-style: solid; border-right-style: solid; border-bottom-style: solid; border-left-style: solid; border-top-left-radius: 6px; border-top-right-radius: 6px; border-top-width: 1px; border-right-width: 1px; border-bottom-width: 1px; border-left-width: 1px; color: rgb(22, 30, 46); font-size: 16px; height: 44px; padding: 6.4px 12.8px 6.4px 12.8px;"
        type="text"
      />
    </div>
  </div>
</div>
`;

exports[`props should render correctly for a warning state 1`] = `
<div
  class="css-view-1dbjc4n"
>
  <div
    class="css-view-1dbjc4n"
    style="margin-bottom: 8px;"
  >
    <div
      class="css-view-1dbjc4n"
      style="align-items: center; display: flex; flex-direction: row;"
    />
  </div>
  <div
    class="css-view-1dbjc4n"
  >
    <div
      class="css-view-1dbjc4n"
      style="position: relative;"
    >
      <input
        aria-labelledby="id-test"
        autocapitalize="sentences"
        autocomplete="on"
        autocorrect="on"
        class="css-textinput-11aywtz r-placeholderTextColor-fa7nb4"
        dir="auto"
        spellcheck="true"
        style="background-color: rgb(252, 252, 253); border-bottom-left-radius: 6px; border-bottom-right-radius: 6px; border-top-color: rgba(245,158,11,1.00); border-right-color: rgba(245,158,11,1.00); border-bottom-color: rgba(245,158,11,1.00); border-left-color: rgba(245,158,11,1.00); border-top-style: solid; border-right-style: solid; border-bottom-style: solid; border-left-style: solid; border-top-left-radius: 6px; border-top-right-radius: 6px; border-top-width: 1px; border-right-width: 1px; border-bottom-width: 1px; border-left-width: 1px; color: rgb(22, 30, 46); font-size: 16px; height: 44px; padding: 6.4px 12.8px 6.4px 12.8px;"
        type="text"
      />
    </div>
  </div>
</div>
`;

exports[`props should render correctly when isOptional is truthy 1`] = `
<div
  class="css-view-1dbjc4n"
>
  <div
    class="css-view-1dbjc4n"
    style="margin-bottom: 8px;"
  >
    <div
      class="css-view-1dbjc4n"
      style="align-items: center; display: flex; flex-direction: row;"
    >
      <div
        class="css-text-901oao"
        dir="auto"
        style="color: rgb(55, 75, 115); font-size: 14px; font-weight: 400; margin-left: 8px;"
      >
        OPTIONAL
      </div>
    </div>
  </div>
  <div
    class="css-view-1dbjc4n"
  >
    <div
      class="css-view-1dbjc4n"
      style="position: relative;"
    >
      <input
        aria-labelledby="id-test"
        autocapitalize="sentences"
        autocomplete="on"
        autocorrect="on"
        class="css-textinput-11aywtz r-placeholderTextColor-fa7nb4"
        dir="auto"
        spellcheck="true"
        style="background-color: rgb(252, 252, 253); border-bottom-left-radius: 6px; border-bottom-right-radius: 6px; border-top-color: rgba(217,217,225,1.00); border-right-color: rgba(217,217,225,1.00); border-bottom-color: rgba(217,217,225,1.00); border-left-color: rgba(217,217,225,1.00); border-top-style: solid; border-right-style: solid; border-bottom-style: solid; border-left-style: solid; border-top-left-radius: 6px; border-top-right-radius: 6px; border-top-width: 1px; border-right-width: 1px; border-bottom-width: 1px; border-left-width: 1px; color: rgb(22, 30, 46); font-size: 16px; height: 44px; padding: 6.4px 12.8px 6.4px 12.8px;"
        type="text"
      />
    </div>
  </div>
</div>
`;

exports[`props should render correctly when isRequired is truthy 1`] = `
<div
  class="css-view-1dbjc4n"
>
  <div
    class="css-view-1dbjc4n"
    style="margin-bottom: 8px;"
  >
    <div
      class="css-view-1dbjc4n"
      style="align-items: center; display: flex; flex-direction: row;"
    >
      <div
        class="css-text-901oao"
        dir="auto"
        style="color: rgb(218, 23, 23); font-size: 14px; font-weight: 500; margin-left: 4px;"
      >
        *
      </div>
    </div>
  </div>
  <div
    class="css-view-1dbjc4n"
  >
    <div
      class="css-view-1dbjc4n"
      style="position: relative;"
    >
      <input
        aria-labelledby="id-test"
        autocapitalize="sentences"
        autocomplete="on"
        autocorrect="on"
        class="css-textinput-11aywtz r-placeholderTextColor-fa7nb4"
        dir="auto"
        spellcheck="true"
        style="background-color: rgb(252, 252, 253); border-bottom-left-radius: 6px; border-bottom-right-radius: 6px; border-top-color: rgba(217,217,225,1.00); border-right-color: rgba(217,217,225,1.00); border-bottom-color: rgba(217,217,225,1.00); border-left-color: rgba(217,217,225,1.00); border-top-style: solid; border-right-style: solid; border-bottom-style: solid; border-left-style: solid; border-top-left-radius: 6px; border-top-right-radius: 6px; border-top-width: 1px; border-right-width: 1px; border-bottom-width: 1px; border-left-width: 1px; color: rgb(22, 30, 46); font-size: 16px; height: 44px; padding: 6.4px 12.8px 6.4px 12.8px;"
        type="text"
      />
    </div>
  </div>
</div>
`;

exports[`props should render correctly with CSS props 1`] = `
<div
  class="css-view-1dbjc4n"
  style="color: rgb(87, 79, 235);"
>
  <div
    class="css-view-1dbjc4n"
    style="margin-bottom: 8px;"
  >
    <div
      class="css-view-1dbjc4n"
      style="align-items: center; display: flex; flex-direction: row;"
    >
      <div
        class="css-text-901oao"
        dir="auto"
        id="id-test"
        style="color: rgb(22, 30, 46); font-size: 16px; font-weight: 500;"
      >
        Username
      </div>
    </div>
  </div>
  <div
    class="css-view-1dbjc4n"
  >
    <div
      class="css-view-1dbjc4n"
      style="position: relative;"
    >
      <input
        aria-labelledby="id-test"
        autocapitalize="sentences"
        autocomplete="on"
        autocorrect="on"
        class="css-textinput-11aywtz r-placeholderTextColor-fa7nb4"
        dir="auto"
        spellcheck="true"
        style="background-color: rgb(252, 252, 253); border-bottom-left-radius: 6px; border-bottom-right-radius: 6px; border-top-color: rgba(217,217,225,1.00); border-right-color: rgba(217,217,225,1.00); border-bottom-color: rgba(217,217,225,1.00); border-left-color: rgba(217,217,225,1.00); border-top-style: solid; border-right-style: solid; border-bottom-style: solid; border-left-style: solid; border-top-left-radius: 6px; border-top-right-radius: 6px; border-top-width: 1px; border-right-width: 1px; border-bottom-width: 1px; border-left-width: 1px; color: rgb(22, 30, 46); font-size: 16px; height: 44px; padding: 6.4px 12.8px 6.4px 12.8px;"
        type="text"
      />
    </div>
  </div>
</div>
`;

exports[`props should render correctly with a description 1`] = `
<div
  class="css-view-1dbjc4n"
>
  <div
    class="css-view-1dbjc4n"
    style="margin-bottom: 8px;"
  >
    <div
      class="css-view-1dbjc4n"
      style="align-items: center; display: flex; flex-direction: row;"
    >
      <div
        class="css-text-901oao"
        dir="auto"
        id="id-test"
        style="color: rgb(22, 30, 46); font-size: 16px; font-weight: 500;"
      >
        Username
      </div>
    </div>
    <div
      class="css-text-901oao"
      dir="auto"
      style="color: rgb(22, 30, 46); font-size: 14px; font-weight: 400;"
    >
      This is a description
    </div>
  </div>
  <div
    class="css-view-1dbjc4n"
  >
    <div
      class="css-view-1dbjc4n"
      style="position: relative;"
    >
      <input
        aria-labelledby="id-test"
        autocapitalize="sentences"
        autocomplete="on"
        autocorrect="on"
        class="css-textinput-11aywtz r-placeholderTextColor-fa7nb4"
        dir="auto"
        spellcheck="true"
        style="background-color: rgb(252, 252, 253); border-bottom-left-radius: 6px; border-bottom-right-radius: 6px; border-top-color: rgba(217,217,225,1.00); border-right-color: rgba(217,217,225,1.00); border-bottom-color: rgba(217,217,225,1.00); border-left-color: rgba(217,217,225,1.00); border-top-style: solid; border-right-style: solid; border-bottom-style: solid; border-left-style: solid; border-top-left-radius: 6px; border-top-right-radius: 6px; border-top-width: 1px; border-right-width: 1px; border-bottom-width: 1px; border-left-width: 1px; color: rgb(22, 30, 46); font-size: 16px; height: 44px; padding: 6.4px 12.8px 6.4px 12.8px;"
        type="text"
      />
    </div>
  </div>
</div>
`;

exports[`props should render correctly with a hint 1`] = `
<div
  class="css-view-1dbjc4n"
>
  <div
    class="css-view-1dbjc4n"
    style="margin-bottom: 8px;"
  >
    <div
      class="css-view-1dbjc4n"
      style="align-items: center; display: flex; flex-direction: row;"
    />
  </div>
  <div
    class="css-view-1dbjc4n"
  >
    <div
      class="css-view-1dbjc4n"
      style="position: relative;"
    >
      <input
        aria-labelledby="id-test"
        autocapitalize="sentences"
        autocomplete="on"
        autocorrect="on"
        class="css-textinput-11aywtz r-placeholderTextColor-fa7nb4"
        dir="auto"
        spellcheck="true"
        style="background-color: rgb(252, 252, 253); border-bottom-left-radius: 6px; border-bottom-right-radius: 6px; border-top-color: rgba(217,217,225,1.00); border-right-color: rgba(217,217,225,1.00); border-bottom-color: rgba(217,217,225,1.00); border-left-color: rgba(217,217,225,1.00); border-top-style: solid; border-right-style: solid; border-bottom-style: solid; border-left-style: solid; border-top-left-radius: 6px; border-top-right-radius: 6px; border-top-width: 1px; border-right-width: 1px; border-bottom-width: 1px; border-left-width: 1px; color: rgb(22, 30, 46); font-size: 16px; height: 44px; padding: 6.4px 12.8px 6.4px 12.8px;"
        type="text"
      />
    </div>
  </div>
  <div
    class="css-view-1dbjc4n"
    style="margin-top: 4px;"
  >
    <div
      class="css-text-901oao"
      dir="auto"
      style="color: rgb(22, 30, 46); font-size: 14px; font-weight: 400;"
    >
      This is a hint
    </div>
  </div>
</div>
`;

exports[`props should render correctly with a label 1`] = `
<div
  class="css-view-1dbjc4n"
>
  <div
    class="css-view-1dbjc4n"
    style="margin-bottom: 8px;"
  >
    <div
      class="css-view-1dbjc4n"
      style="align-items: center; display: flex; flex-direction: row;"
    >
      <div
        class="css-text-901oao"
        dir="auto"
        id="id-test"
        style="color: rgb(22, 30, 46); font-size: 16px; font-weight: 500;"
      >
        This is a label
      </div>
    </div>
  </div>
  <div
    class="css-view-1dbjc4n"
  >
    <div
      class="css-view-1dbjc4n"
      style="position: relative;"
    >
      <input
        aria-labelledby="id-test"
        autocapitalize="sentences"
        autocomplete="on"
        autocorrect="on"
        class="css-textinput-11aywtz r-placeholderTextColor-fa7nb4"
        dir="auto"
        spellcheck="true"
        style="background-color: rgb(252, 252, 253); border-bottom-left-radius: 6px; border-bottom-right-radius: 6px; border-top-color: rgba(217,217,225,1.00); border-right-color: rgba(217,217,225,1.00); border-bottom-color: rgba(217,217,225,1.00); border-left-color: rgba(217,217,225,1.00); border-top-style: solid; border-right-style: solid; border-bottom-style: solid; border-left-style: solid; border-top-left-radius: 6px; border-top-right-radius: 6px; border-top-width: 1px; border-right-width: 1px; border-bottom-width: 1px; border-left-width: 1px; color: rgb(22, 30, 46); font-size: 16px; height: 44px; padding: 6.4px 12.8px 6.4px 12.8px;"
        type="text"
      />
    </div>
  </div>
</div>
`;

exports[`theming FieldWrapper.DescriptionText.base should render correctly 1`] = `
<div
  class="css-view-1dbjc4n"
>
  <div
    class="css-view-1dbjc4n"
    style="margin-bottom: 8px;"
  >
    <div
      class="css-view-1dbjc4n"
      style="align-items: center; display: flex; flex-direction: row;"
    />
    <div
      class="css-text-901oao"
      dir="auto"
      style="background-color: rgb(239, 68, 68); color: rgb(22, 30, 46); font-size: 14px; font-weight: 400;"
    >
      This is a description
    </div>
  </div>
  <div
    class="css-view-1dbjc4n"
  >
    <div
      class="css-view-1dbjc4n"
      style="position: relative;"
    >
      <input
        aria-labelledby="id-test"
        autocapitalize="sentences"
        autocomplete="on"
        autocorrect="on"
        class="css-textinput-11aywtz r-placeholderTextColor-fa7nb4"
        dir="auto"
        spellcheck="true"
        style="background-color: rgb(252, 252, 253); border-bottom-left-radius: 6px; border-bottom-right-radius: 6px; border-top-color: rgba(217,217,225,1.00); border-right-color: rgba(217,217,225,1.00); border-bottom-color: rgba(217,217,225,1.00); border-left-color: rgba(217,217,225,1.00); border-top-style: solid; border-right-style: solid; border-bottom-style: solid; border-left-style: solid; border-top-left-radius: 6px; border-top-right-radius: 6px; border-top-width: 1px; border-right-width: 1px; border-bottom-width: 1px; border-left-width: 1px; color: rgb(22, 30, 46); font-size: 16px; height: 44px; padding: 6.4px 12.8px 6.4px 12.8px;"
        type="text"
      />
    </div>
  </div>
</div>
`;

exports[`theming FieldWrapper.HintText.base should render correctly 1`] = `
<div
  class="css-view-1dbjc4n"
>
  <div
    class="css-view-1dbjc4n"
    style="margin-bottom: 8px;"
  >
    <div
      class="css-view-1dbjc4n"
      style="align-items: center; display: flex; flex-direction: row;"
    />
  </div>
  <div
    class="css-view-1dbjc4n"
  >
    <div
      class="css-view-1dbjc4n"
      style="position: relative;"
    >
      <input
        aria-labelledby="id-test"
        autocapitalize="sentences"
        autocomplete="on"
        autocorrect="on"
        class="css-textinput-11aywtz r-placeholderTextColor-fa7nb4"
        dir="auto"
        spellcheck="true"
        style="background-color: rgb(252, 252, 253); border-bottom-left-radius: 6px; border-bottom-right-radius: 6px; border-top-color: rgba(217,217,225,1.00); border-right-color: rgba(217,217,225,1.00); border-bottom-color: rgba(217,217,225,1.00); border-left-color: rgba(217,217,225,1.00); border-top-style: solid; border-right-style: solid; border-bottom-style: solid; border-left-style: solid; border-top-left-radius: 6px; border-top-right-radius: 6px; border-top-width: 1px; border-right-width: 1px; border-bottom-width: 1px; border-left-width: 1px; color: rgb(22, 30, 46); font-size: 16px; height: 44px; padding: 6.4px 12.8px 6.4px 12.8px;"
        type="text"
      />
    </div>
  </div>
  <div
    class="css-view-1dbjc4n"
    style="margin-top: 4px;"
  >
    <div
      class="css-text-901oao"
      dir="auto"
      style="background-color: rgb(239, 68, 68); color: rgb(22, 30, 46); font-size: 14px; font-weight: 400;"
    >
      This is a hint
    </div>
  </div>
</div>
`;

exports[`theming FieldWrapper.Label.base should render correctly 1`] = `
<div
  class="css-view-1dbjc4n"
>
  <div
    class="css-view-1dbjc4n"
    style="margin-bottom: 8px;"
  >
    <div
      class="css-view-1dbjc4n"
      style="align-items: center; display: flex; flex-direction: row;"
    >
      <div
        class="css-text-901oao"
        dir="auto"
        id="id-test"
        style="background-color: rgb(239, 68, 68); color: rgb(22, 30, 46); font-size: 16px; font-weight: 500;"
      >
        This is a label
      </div>
    </div>
  </div>
  <div
    class="css-view-1dbjc4n"
  >
    <div
      class="css-view-1dbjc4n"
      style="position: relative;"
    >
      <input
        aria-labelledby="id-test"
        autocapitalize="sentences"
        autocomplete="on"
        autocorrect="on"
        class="css-textinput-11aywtz r-placeholderTextColor-fa7nb4"
        dir="auto"
        spellcheck="true"
        style="background-color: rgb(252, 252, 253); border-bottom-left-radius: 6px; border-bottom-right-radius: 6px; border-top-color: rgba(217,217,225,1.00); border-right-color: rgba(217,217,225,1.00); border-bottom-color: rgba(217,217,225,1.00); border-left-color: rgba(217,217,225,1.00); border-top-style: solid; border-right-style: solid; border-bottom-style: solid; border-left-style: solid; border-top-left-radius: 6px; border-top-right-radius: 6px; border-top-width: 1px; border-right-width: 1px; border-bottom-width: 1px; border-left-width: 1px; color: rgb(22, 30, 46); font-size: 16px; height: 44px; padding: 6.4px 12.8px 6.4px 12.8px;"
        type="text"
      />
    </div>
  </div>
</div>
`;

exports[`theming FieldWrapper.OptionalText.base should render correctly 1`] = `
<div
  class="css-view-1dbjc4n"
>
  <div
    class="css-view-1dbjc4n"
    style="margin-bottom: 8px;"
  >
    <div
      class="css-view-1dbjc4n"
      style="align-items: center; display: flex; flex-direction: row;"
    >
      <div
        class="css-text-901oao"
        dir="auto"
        style="background-color: rgb(239, 68, 68); color: rgb(55, 75, 115); font-size: 14px; font-weight: 400; margin-left: 8px;"
      >
        OPTIONAL
      </div>
    </div>
  </div>
  <div
    class="css-view-1dbjc4n"
  >
    <div
      class="css-view-1dbjc4n"
      style="position: relative;"
    >
      <input
        aria-labelledby="id-test"
        autocapitalize="sentences"
        autocomplete="on"
        autocorrect="on"
        class="css-textinput-11aywtz r-placeholderTextColor-fa7nb4"
        dir="auto"
        spellcheck="true"
        style="background-color: rgb(252, 252, 253); border-bottom-left-radius: 6px; border-bottom-right-radius: 6px; border-top-color: rgba(217,217,225,1.00); border-right-color: rgba(217,217,225,1.00); border-bottom-color: rgba(217,217,225,1.00); border-left-color: rgba(217,217,225,1.00); border-top-style: solid; border-right-style: solid; border-bottom-style: solid; border-left-style: solid; border-top-left-radius: 6px; border-top-right-radius: 6px; border-top-width: 1px; border-right-width: 1px; border-bottom-width: 1px; border-left-width: 1px; color: rgb(22, 30, 46); font-size: 16px; height: 44px; padding: 6.4px 12.8px 6.4px 12.8px;"
        type="text"
      />
    </div>
  </div>
</div>
`;

exports[`theming FieldWrapper.RequiredText.base should render correctly 1`] = `
<div
  class="css-view-1dbjc4n"
>
  <div
    class="css-view-1dbjc4n"
    style="margin-bottom: 8px;"
  >
    <div
      class="css-view-1dbjc4n"
      style="align-items: center; display: flex; flex-direction: row;"
    >
      <div
        class="css-text-901oao"
        dir="auto"
        style="background-color: rgb(239, 68, 68); color: rgb(218, 23, 23); font-size: 14px; font-weight: 500; margin-left: 4px;"
      >
        *
      </div>
    </div>
  </div>
  <div
    class="css-view-1dbjc4n"
  >
    <div
      class="css-view-1dbjc4n"
      style="position: relative;"
    >
      <input
        aria-labelledby="id-test"
        autocapitalize="sentences"
        autocomplete="on"
        autocorrect="on"
        class="css-textinput-11aywtz r-placeholderTextColor-fa7nb4"
        dir="auto"
        spellcheck="true"
        style="background-color: rgb(252, 252, 253); border-bottom-left-radius: 6px; border-bottom-right-radius: 6px; border-top-color: rgba(217,217,225,1.00); border-right-color: rgba(217,217,225,1.00); border-bottom-color: rgba(217,217,225,1.00); border-left-color: rgba(217,217,225,1.00); border-top-style: solid; border-right-style: solid; border-bottom-style: solid; border-left-style: solid; border-top-left-radius: 6px; border-top-right-radius: 6px; border-top-width: 1px; border-right-width: 1px; border-bottom-width: 1px; border-left-width: 1px; color: rgb(22, 30, 46); font-size: 16px; height: 44px; padding: 6.4px 12.8px 6.4px 12.8px;"
        type="text"
      />
    </div>
  </div>
</div>
`;

exports[`theming FieldWrapper.ValidationText.base should render correctly 1`] = `
<div
  class="css-view-1dbjc4n"
>
  <div
    class="css-view-1dbjc4n"
    style="margin-bottom: 8px;"
  >
    <div
      class="css-view-1dbjc4n"
      style="align-items: center; display: flex; flex-direction: row;"
    />
  </div>
  <div
    class="css-view-1dbjc4n"
  >
    <div
      class="css-view-1dbjc4n"
      style="position: relative;"
    >
      <input
        aria-labelledby="id-test"
        autocapitalize="sentences"
        autocomplete="on"
        autocorrect="on"
        class="css-textinput-11aywtz r-placeholderTextColor-fa7nb4"
        dir="auto"
        spellcheck="true"
        style="background-color: rgb(252, 252, 253); border-bottom-left-radius: 6px; border-bottom-right-radius: 6px; border-top-color: rgba(217,217,225,1.00); border-right-color: rgba(217,217,225,1.00); border-bottom-color: rgba(217,217,225,1.00); border-left-color: rgba(217,217,225,1.00); border-top-style: solid; border-right-style: solid; border-bottom-style: solid; border-left-style: solid; border-top-left-radius: 6px; border-top-right-radius: 6px; border-top-width: 1px; border-right-width: 1px; border-bottom-width: 1px; border-left-width: 1px; color: rgb(22, 30, 46); font-size: 16px; height: 44px; padding: 6.4px 12.8px 6.4px 12.8px;"
        type="text"
      />
    </div>
  </div>
  <div
    class="css-view-1dbjc4n"
    style="margin-top: 4px;"
  >
    <div
      class="css-text-901oao"
      dir="auto"
      style="background-color: rgb(239, 68, 68); color: rgb(22, 30, 46); font-size: 14px; font-weight: 400;"
    >
      This is validation text
    </div>
  </div>
</div>
`;

exports[`theming FieldWrapper.base should render correctly 1`] = `
<div
  class="css-view-1dbjc4n"
  style="background-color: rgb(239, 68, 68);"
>
  <div
    class="css-view-1dbjc4n"
    style="margin-bottom: 8px;"
  >
    <div
      class="css-view-1dbjc4n"
      style="align-items: center; display: flex; flex-direction: row;"
    />
  </div>
  <div
    class="css-view-1dbjc4n"
  >
    <div
      class="css-view-1dbjc4n"
      style="position: relative;"
    >
      <input
        aria-labelledby="id-test"
        autocapitalize="sentences"
        autocomplete="on"
        autocorrect="on"
        class="css-textinput-11aywtz r-placeholderTextColor-fa7nb4"
        dir="auto"
        spellcheck="true"
        style="background-color: rgb(252, 252, 253); border-bottom-left-radius: 6px; border-bottom-right-radius: 6px; border-top-color: rgba(217,217,225,1.00); border-right-color: rgba(217,217,225,1.00); border-bottom-color: rgba(217,217,225,1.00); border-left-color: rgba(217,217,225,1.00); border-top-style: solid; border-right-style: solid; border-bottom-style: solid; border-left-style: solid; border-top-left-radius: 6px; border-top-right-radius: 6px; border-top-width: 1px; border-right-width: 1px; border-bottom-width: 1px; border-left-width: 1px; color: rgb(22, 30, 46); font-size: 16px; height: 44px; padding: 6.4px 12.8px 6.4px 12.8px;"
        type="text"
      />
    </div>
  </div>
</div>
`;

exports[`variants renders correctly for applyTheme 1`] = `
<div
  class="css-view-1dbjc4n"
>
  <div
    class="css-view-1dbjc4n"
  >
    <div
      class="css-view-1dbjc4n"
      style="align-items: center; display: flex; flex-direction: row;"
    />
  </div>
  <div
    class="css-view-1dbjc4n"
  >
    <div
      class="css-view-1dbjc4n"
      style="position: relative;"
    >
      <input
        aria-labelledby="id-test"
        autocapitalize="sentences"
        autocomplete="on"
        autocorrect="on"
        class="css-textinput-11aywtz r-placeholderTextColor-fa7nb4"
        dir="auto"
        spellcheck="true"
        style="color: rgb(22, 30, 46); font-size: 16px; height: 44px;"
        type="text"
      />
    </div>
  </div>
</div>
`;

exports[`variants renders correctly for overrides 1`] = `
<div
  class="css-view-1dbjc4n"
  style="box-shadow: 0px 1px 4px rgba(0,0,0,0.15); padding: 16px 16px 16px 16px;"
>
  <div
    class="css-view-1dbjc4n"
  >
    <div
      class="css-view-1dbjc4n"
      style="align-items: center; display: flex; flex-direction: row;"
    />
  </div>
  <div
    class="css-view-1dbjc4n"
  >
    <div
      class="css-view-1dbjc4n"
      style="position: relative;"
    >
      <input
        aria-labelledby="id-test"
        autocapitalize="sentences"
        autocomplete="on"
        autocorrect="on"
        class="css-textinput-11aywtz r-placeholderTextColor-fa7nb4"
        dir="auto"
        spellcheck="true"
        style="color: rgb(22, 30, 46); font-size: 16px; height: 44px;"
        type="text"
      />
    </div>
  </div>
</div>
`;

exports[`variants styles.base should render correctly 1`] = `
<div
  class="css-view-1dbjc4n"
>
  <div
    class="css-view-1dbjc4n"
  >
    <div
      class="css-view-1dbjc4n"
      style="align-items: center; display: flex; flex-direction: row;"
    />
  </div>
  <div
    class="css-view-1dbjc4n"
  >
    <div
      class="css-view-1dbjc4n"
      style="position: relative;"
    >
      <input
        aria-labelledby="id-test"
        autocapitalize="sentences"
        autocomplete="on"
        autocorrect="on"
        class="css-textinput-11aywtz r-placeholderTextColor-fa7nb4"
        dir="auto"
        spellcheck="true"
        style="color: rgb(22, 30, 46); font-size: 16px; height: 44px;"
        type="text"
      />
    </div>
  </div>
</div>
`;
